Archive member included to satisfy reference by file (symbol)

d:/st/stm32cubeide_1.9.0/stm32cubeide/plugins/com.st.stm32cube.ide.mcu.externaltools.gnu-tools-for-stm32.10.3-2021.10.win32_1.0.0.202111181127/tools/bin/../lib/gcc/arm-none-eabi/10.3.1/../../../../arm-none-eabi/lib/thumb/v7e-m+fp/hard\libc_nano.a(lib_a-errno.o)
                              ./Src/syscalls.o (__errno)
d:/st/stm32cubeide_1.9.0/stm32cubeide/plugins/com.st.stm32cube.ide.mcu.externaltools.gnu-tools-for-stm32.10.3-2021.10.win32_1.0.0.202111181127/tools/bin/../lib/gcc/arm-none-eabi/10.3.1/../../../../arm-none-eabi/lib/thumb/v7e-m+fp/hard\libc_nano.a(lib_a-exit.o)
                              d:/st/stm32cubeide_1.9.0/stm32cubeide/plugins/com.st.stm32cube.ide.mcu.externaltools.gnu-tools-for-stm32.10.3-2021.10.win32_1.0.0.202111181127/tools/bin/../lib/gcc/arm-none-eabi/10.3.1/../../../../arm-none-eabi/lib/thumb/v7e-m+fp/hard/crt0.o (exit)
d:/st/stm32cubeide_1.9.0/stm32cubeide/plugins/com.st.stm32cube.ide.mcu.externaltools.gnu-tools-for-stm32.10.3-2021.10.win32_1.0.0.202111181127/tools/bin/../lib/gcc/arm-none-eabi/10.3.1/../../../../arm-none-eabi/lib/thumb/v7e-m+fp/hard\libc_nano.a(lib_a-impure.o)
                              d:/st/stm32cubeide_1.9.0/stm32cubeide/plugins/com.st.stm32cube.ide.mcu.externaltools.gnu-tools-for-stm32.10.3-2021.10.win32_1.0.0.202111181127/tools/bin/../lib/gcc/arm-none-eabi/10.3.1/../../../../arm-none-eabi/lib/thumb/v7e-m+fp/hard\libc_nano.a(lib_a-exit.o) (_global_impure_ptr)
d:/st/stm32cubeide_1.9.0/stm32cubeide/plugins/com.st.stm32cube.ide.mcu.externaltools.gnu-tools-for-stm32.10.3-2021.10.win32_1.0.0.202111181127/tools/bin/../lib/gcc/arm-none-eabi/10.3.1/../../../../arm-none-eabi/lib/thumb/v7e-m+fp/hard\libc_nano.a(lib_a-init.o)
                              d:/st/stm32cubeide_1.9.0/stm32cubeide/plugins/com.st.stm32cube.ide.mcu.externaltools.gnu-tools-for-stm32.10.3-2021.10.win32_1.0.0.202111181127/tools/bin/../lib/gcc/arm-none-eabi/10.3.1/../../../../arm-none-eabi/lib/thumb/v7e-m+fp/hard/crt0.o (__libc_init_array)
d:/st/stm32cubeide_1.9.0/stm32cubeide/plugins/com.st.stm32cube.ide.mcu.externaltools.gnu-tools-for-stm32.10.3-2021.10.win32_1.0.0.202111181127/tools/bin/../lib/gcc/arm-none-eabi/10.3.1/../../../../arm-none-eabi/lib/thumb/v7e-m+fp/hard\libc_nano.a(lib_a-memset.o)
                              d:/st/stm32cubeide_1.9.0/stm32cubeide/plugins/com.st.stm32cube.ide.mcu.externaltools.gnu-tools-for-stm32.10.3-2021.10.win32_1.0.0.202111181127/tools/bin/../lib/gcc/arm-none-eabi/10.3.1/../../../../arm-none-eabi/lib/thumb/v7e-m+fp/hard/crt0.o (memset)
d:/st/stm32cubeide_1.9.0/stm32cubeide/plugins/com.st.stm32cube.ide.mcu.externaltools.gnu-tools-for-stm32.10.3-2021.10.win32_1.0.0.202111181127/tools/bin/../lib/gcc/arm-none-eabi/10.3.1/../../../../arm-none-eabi/lib/thumb/v7e-m+fp/hard\libc_nano.a(lib_a-strlen.o)
                              ./USB_Driver/USB_Device_Framework.o (strlen)
d:/st/stm32cubeide_1.9.0/stm32cubeide/plugins/com.st.stm32cube.ide.mcu.externaltools.gnu-tools-for-stm32.10.3-2021.10.win32_1.0.0.202111181127/tools/bin/../lib/gcc/arm-none-eabi/10.3.1/../../../../arm-none-eabi/lib/thumb/v7e-m+fp/hard\libc_nano.a(lib_a-vsprintf.o)
                              ./USB_Driver/USB_Device_Framework.o (vsprintf)
d:/st/stm32cubeide_1.9.0/stm32cubeide/plugins/com.st.stm32cube.ide.mcu.externaltools.gnu-tools-for-stm32.10.3-2021.10.win32_1.0.0.202111181127/tools/bin/../lib/gcc/arm-none-eabi/10.3.1/../../../../arm-none-eabi/lib/thumb/v7e-m+fp/hard\libc_nano.a(lib_a-nano-svfprintf.o)
                              d:/st/stm32cubeide_1.9.0/stm32cubeide/plugins/com.st.stm32cube.ide.mcu.externaltools.gnu-tools-for-stm32.10.3-2021.10.win32_1.0.0.202111181127/tools/bin/../lib/gcc/arm-none-eabi/10.3.1/../../../../arm-none-eabi/lib/thumb/v7e-m+fp/hard\libc_nano.a(lib_a-vsprintf.o) (_svfprintf_r)
d:/st/stm32cubeide_1.9.0/stm32cubeide/plugins/com.st.stm32cube.ide.mcu.externaltools.gnu-tools-for-stm32.10.3-2021.10.win32_1.0.0.202111181127/tools/bin/../lib/gcc/arm-none-eabi/10.3.1/../../../../arm-none-eabi/lib/thumb/v7e-m+fp/hard\libc_nano.a(lib_a-nano-vfprintf_i.o)
                              d:/st/stm32cubeide_1.9.0/stm32cubeide/plugins/com.st.stm32cube.ide.mcu.externaltools.gnu-tools-for-stm32.10.3-2021.10.win32_1.0.0.202111181127/tools/bin/../lib/gcc/arm-none-eabi/10.3.1/../../../../arm-none-eabi/lib/thumb/v7e-m+fp/hard\libc_nano.a(lib_a-nano-svfprintf.o) (_printf_i)
d:/st/stm32cubeide_1.9.0/stm32cubeide/plugins/com.st.stm32cube.ide.mcu.externaltools.gnu-tools-for-stm32.10.3-2021.10.win32_1.0.0.202111181127/tools/bin/../lib/gcc/arm-none-eabi/10.3.1/../../../../arm-none-eabi/lib/thumb/v7e-m+fp/hard\libc_nano.a(lib_a-memchr.o)
[...]
Memory Configuration

Name             Origin             Length             Attributes
RAM              0x0000000020000000 0x0000000000020000 xrw
FLASH            0x0000000008000000 0x0000000000080000 xr
*default*        0x0000000000000000 0xffffffffffffffff

Linker script and memory map

LOAD d:/st/stm32cubeide_1.9.0/stm32cubeide/plugins/com.st.stm32cube.ide.mcu.externaltools.gnu-tools-for-stm32.10.3-2021.10.win32_1.0.0.202111181127/tools/bin/../lib/gcc/arm-none-eabi/10.3.1/thumb/v7e-m+fp/hard/crti.o
LOAD d:/st/stm32cubeide_1.9.0/stm32cubeide/plugins/com.st.stm32cube.ide.mcu.externaltools.gnu-tools-for-stm32.10.3-2021.10.win32_1.0.0.202111181127/tools/bin/../lib/gcc/arm-none-eabi/10.3.1/thumb/v7e-m+fp/hard/crtbegin.o
LOAD d:/st/stm32cubeide_1.9.0/stm32cubeide/plugins/com.st.stm32cube.ide.mcu.externaltools.gnu-tools-for-stm32.10.3-2021.10.win32_1.0.0.202111181127/tools/bin/../lib/gcc/arm-none-eabi/10.3.1/../../../../arm-none-eabi/lib/thumb/v7e-m+fp/hard/crt0.o
LOAD ./GPIO/GPIO.o
LOAD ./Src/main.o
LOAD ./Src/syscalls.o
LOAD ./Src/sysmem.o
LOAD ./Src/system_stm32f4xx.o
LOAD ./Startup/startup_stm32f411ceux.o
LOAD ./USB_Driver/USB_Device_Driver.o
LOAD ./USB_Driver/USB_Device_Framework.o
START GROUP
LOAD d:/st/stm32cubeide_1.9.0/stm32cubeide/plugins/com.st.stm32cube.ide.mcu.externaltools.gnu-tools-for-stm32.10.3-2021.10.win32_1.0.0.202111181127/tools/bin/../lib/gcc/arm-none-eabi/10.3.1/../../../../arm-none-eabi/lib/thumb/v7e-m+fp/hard\libc_nano.a
LOAD d:/st/stm32cubeide_1.9.0/stm32cubeide/plugins/com.st.stm32cube.ide.mcu.externaltools.gnu-tools-for-stm32.10.3-2021.10.win32_1.0.0.202111181127/tools/bin/../lib/gcc/arm-none-eabi/10.3.1/../../../../arm-none-eabi/lib/thumb/v7e-m+fp/hard\libm.a
END GROUP
START GROUP
LOAD d:/st/stm32cubeide_1.9.0/stm32cubeide/plugins/com.st.stm32cube.ide.mcu.externaltools.gnu-tools-for-stm32.10.3-2021.10.win32_1.0.0.202111181127/tools/bin/../lib/gcc/arm-none-eabi/10.3.1/thumb/v7e-m+fp/hard\libgcc.a
LOAD d:/st/stm32cubeide_1.9.0/stm32cubeide/plugins/com.st.stm32cube.ide.mcu.externaltools.gnu-tools-for-stm32.10.3-2021.10.win32_1.0.0.202111181127/tools/bin/../lib/gcc/arm-none-eabi/10.3.1/../../../../arm-none-eabi/lib/thumb/v7e-m+fp/hard\libc_nano.a
END GROUP
START GROUP
LOAD d:/st/stm32cubeide_1.9.0/stm32cubeide/plugins/com.st.stm32cube.ide.mcu.externaltools.gnu-tools-for-stm32.10.3-2021.10.win32_1.0.0.202111181127/tools/bin/../lib/gcc/arm-none-eabi/10.3.1/thumb/v7e-m+fp/hard\libgcc.a
LOAD d:/st/stm32cubeide_1.9.0/stm32cubeide/plugins/com.st.stm32cube.ide.mcu.externaltools.gnu-tools-for-stm32.10.3-2021.10.win32_1.0.0.202111181127/tools/bin/../lib/gcc/arm-none-eabi/10.3.1/../../../../arm-none-eabi/lib/thumb/v7e-m+fp/hard\libc_nano.a
LOAD d:/st/stm32cubeide_1.9.0/stm32cubeide/plugins/com.st.stm32cube.ide.mcu.externaltools.gnu-tools-for-stm32.10.3-2021.10.win32_1.0.0.202111181127/tools/bin/../lib/gcc/arm-none-eabi/10.3.1/../../../../arm-none-eabi/lib/thumb/v7e-m+fp/hard\libnosys.a
END GROUP
START GROUP
LOAD d:/st/stm32cubeide_1.9.0/stm32cubeide/plugins/com.st.stm32cube.ide.mcu.externaltools.gnu-tools-for-stm32.10.3-2021.10.win32_1.0.0.202111181127/tools/bin/../lib/gcc/arm-none-eabi/10.3.1/thumb/v7e-m+fp/hard\libgcc.a
LOAD d:/st/stm32cubeide_1.9.0/stm32cubeide/plugins/com.st.stm32cube.ide.mcu.externaltools.gnu-tools-for-stm32.10.3-2021.10.win32_1.0.0.202111181127/tools/bin/../lib/gcc/arm-none-eabi/10.3.1/../../../../arm-none-eabi/lib/thumb/v7e-m+fp/hard\libc_nano.a
LOAD d:/st/stm32cubeide_1.9.0/stm32cubeide/plugins/com.st.stm32cube.ide.mcu.externaltools.gnu-tools-for-stm32.10.3-2021.10.win32_1.0.0.202111181127/tools/bin/../lib/gcc/arm-none-eabi/10.3.1/../../../../arm-none-eabi/lib/thumb/v7e-m+fp/hard\libnosys.a
END GROUP
LOAD d:/st/stm32cubeide_1.9.0/stm32cubeide/plugins/com.st.stm32cube.ide.mcu.externaltools.gnu-tools-for-stm32.10.3-2021.10.win32_1.0.0.202111181127/tools/bin/../lib/gcc/arm-none-eabi/10.3.1/thumb/v7e-m+fp/hard/crtend.o
LOAD d:/st/stm32cubeide_1.9.0/stm32cubeide/plugins/com.st.stm32cube.ide.mcu.externaltools.gnu-tools-for-stm32.10.3-2021.10.win32_1.0.0.202111181127/tools/bin/../lib/gcc/arm-none-eabi/10.3.1/thumb/v7e-m+fp/hard/crtn.o
                0x0000000020020000                _estack = (ORIGIN (RAM) + LENGTH (RAM))
                0x0000000000000200                _Min_Heap_Size = 0x200
                0x0000000000000400                _Min_Stack_Size = 0x400

.isr_vector     0x0000000008000000      0x198
                0x0000000008000000                . = ALIGN (0x4)
 *(.isr_vector)
 .isr_vector    0x0000000008000000      0x198 ./Startup/startup_stm32f411ceux.o
                0x0000000008000000                g_pfnVectors
                0x0000000008000198                . = ALIGN (0x4)

.text           0x0000000008000198      0x33c
                0x0000000008000198                . = ALIGN (0x4)
 *(.text)
 .text          0x0000000008000198       0x40 d:/st/stm32cubeide_1.9.0/stm32cubeide/plugins/com.st.stm32cube.ide.mcu.externaltools.gnu-tools-for-stm32.10.3-2021.10.win32_1.0.0.202111181127/tools/bin/../lib/gcc/arm-none-eabi/10.3.1/thumb/v7e-m+fp/hard/crtbegin.o
 *(.text*)
 .text.MCU_Clock_Setup
                0x00000000080001d8      0x104 ./Src/main.o
 .text.main     0x00000000080002dc        0xa ./Src/main.o
                0x00000000080002dc                main
 *fill*         0x00000000080002e6        0x2 
 .text.SystemInit
                0x00000000080002e8       0x2c ./Src/system_stm32f4xx.o
                0x00000000080002e8                SystemInit
 .text.SystemCoreClockUpdate
                0x0000000008000314      0x10c ./Src/system_stm32f4xx.o
                0x0000000008000314                SystemCoreClockUpdate
 .text.Reset_Handler
                0x0000000008000420       0x50 ./Startup/startup_stm32f411ceux.o
                0x0000000008000420                Reset_Handler
 .text.Default_Handler
                0x0000000008000470        0x2 ./Startup/startup_stm32f411ceux.o
                0x0000000008000470                RTC_Alarm_IRQHandler
                0x0000000008000470                EXTI2_IRQHandler
                0x0000000008000470                DebugMon_Handler
                0x0000000008000470                SPI4_IRQHandler
                0x0000000008000470                TIM1_CC_IRQHandler
                0x0000000008000470                DMA2_Stream5_IRQHandler
                0x0000000008000470                HardFault_Handler
                0x0000000008000470                DMA1_Stream5_IRQHandler
                0x0000000008000470                SysTick_Handler
                0x0000000008000470                PVD_IRQHandler
                0x0000000008000470                SDIO_IRQHandler
                0x0000000008000470                TAMP_STAMP_IRQHandler
                0x0000000008000470                PendSV_Handler
                0x0000000008000470                NMI_Handler
                0x0000000008000470                EXTI3_IRQHandler
                0x0000000008000470                TIM1_UP_TIM10_IRQHandler
                0x0000000008000470                I2C3_ER_IRQHandler
                0x0000000008000470                EXTI0_IRQHandler
                0x0000000008000470                I2C2_EV_IRQHandler
                0x0000000008000470                DMA1_Stream2_IRQHandler
                0x0000000008000470                FPU_IRQHandler
                0x0000000008000470                UsageFault_Handler
                0x0000000008000470                DMA2_Stream2_IRQHandler
                0x0000000008000470                SPI1_IRQHandler
                0x0000000008000470                TIM1_BRK_TIM9_IRQHandler
                0x0000000008000470                DMA2_Stream3_IRQHandler
                0x0000000008000470                USART6_IRQHandler
                0x0000000008000470                DMA2_Stream0_IRQHandler
                0x0000000008000470                TIM4_IRQHandler
                0x0000000008000470                I2C1_EV_IRQHandler
                0x0000000008000470                DMA1_Stream6_IRQHandler
                0x0000000008000470                DMA1_Stream1_IRQHandler
                0x0000000008000470                TIM3_IRQHandler
                0x0000000008000470                RCC_IRQHandler
                0x0000000008000470                Default_Handler
                0x0000000008000470                EXTI15_10_IRQHandler
                0x0000000008000470                ADC_IRQHandler
                0x0000000008000470                DMA1_Stream7_IRQHandler
                0x0000000008000470                SPI5_IRQHandler
                0x0000000008000470                TIM5_IRQHandler
                0x0000000008000470                DMA2_Stream7_IRQHandler
                0x0000000008000470                I2C3_EV_IRQHandler
                0x0000000008000470                EXTI9_5_IRQHandler
                0x0000000008000470                RTC_WKUP_IRQHandler
                0x0000000008000470                SPI2_IRQHandler
                0x0000000008000470                MemManage_Handler
                0x0000000008000470                DMA1_Stream0_IRQHandler
                0x0000000008000470                SVC_Handler
                0x0000000008000470                EXTI4_IRQHandler
                0x0000000008000470                WWDG_IRQHandler
                0x0000000008000470                TIM2_IRQHandler
                0x0000000008000470                OTG_FS_WKUP_IRQHandler
                0x0000000008000470                TIM1_TRG_COM_TIM11_IRQHandler
                0x0000000008000470                EXTI1_IRQHandler
                0x0000000008000470                USART2_IRQHandler
                0x0000000008000470                I2C2_ER_IRQHandler
                0x0000000008000470                DMA2_Stream1_IRQHandler
                0x0000000008000470                FLASH_IRQHandler
                0x0000000008000470                DMA2_Stream4_IRQHandler
                0x0000000008000470                BusFault_Handler
                0x0000000008000470                USART1_IRQHandler
                0x0000000008000470                OTG_FS_IRQHandler
                0x0000000008000470                SPI3_IRQHandler
                0x0000000008000470                DMA1_Stream4_IRQHandler
                0x0000000008000470                I2C1_ER_IRQHandler
                0x0000000008000470                DMA2_Stream6_IRQHandler
                0x0000000008000470                DMA1_Stream3_IRQHandler
 *fill*         0x0000000008000472        0x2 
 .text.__libc_init_array
                0x0000000008000474       0x48 d:/st/stm32cubeide_1.9.0/stm32cubeide/plugins/com.st.stm32cube.ide.mcu.externaltools.gnu-tools-for-stm32.10.3-2021.10.win32_1.0.0.202111181127/tools/bin/../lib/gcc/arm-none-eabi/10.3.1/../../../../arm-none-eabi/lib/thumb/v7e-m+fp/hard\libc_nano.a(lib_a-init.o)
                0x0000000008000474                __libc_init_array
 *(.glue_7)
 .glue_7        0x00000000080004bc        0x0 linker stubs
 *(.glue_7t)
 .glue_7t       0x00000000080004bc        0x0 linker stubs
 *(.eh_frame)
 .eh_frame      0x00000000080004bc        0x0 d:/st/stm32cubeide_1.9.0/stm32cubeide/plugins/com.st.stm32cube.ide.mcu.externaltools.gnu-tools-for-stm32.10.3-2021.10.win32_1.0.0.202111181127/tools/bin/../lib/gcc/arm-none-eabi/10.3.1/thumb/v7e-m+fp/hard/crtbegin.o
 *(.init)
 .init          0x00000000080004bc        0x4 d:/st/stm32cubeide_1.9.0/stm32cubeide/plugins/com.st.stm32cube.ide.mcu.externaltools.gnu-tools-for-stm32.10.3-2021.10.win32_1.0.0.202111181127/tools/bin/../lib/gcc/arm-none-eabi/10.3.1/thumb/v7e-m+fp/hard/crti.o
                0x00000000080004bc                _init
 .init          0x00000000080004c0        0x8 d:/st/stm32cubeide_1.9.0/stm32cubeide/plugins/com.st.stm32cube.ide.mcu.externaltools.gnu-tools-for-stm32.10.3-2021.10.win32_1.0.0.202111181127/tools/bin/../lib/gcc/arm-none-eabi/10.3.1/thumb/v7e-m+fp/hard/crtn.o
 *(.fini)
 .fini          0x00000000080004c8        0x4 d:/st/stm32cubeide_1.9.0/stm32cubeide/plugins/com.st.stm32cube.ide.mcu.externaltools.gnu-tools-for-stm32.10.3-2021.10.win32_1.0.0.202111181127/tools/bin/../lib/gcc/arm-none-eabi/10.3.1/thumb/v7e-m+fp/hard/crti.o
                0x00000000080004c8                _fini
 .fini          0x00000000080004cc        0x8 d:/st/stm32cubeide_1.9.0/stm32cubeide/plugins/com.st.stm32cube.ide.mcu.externaltools.gnu-tools-for-stm32.10.3-2021.10.win32_1.0.0.202111181127/tools/bin/../lib/gcc/arm-none-eabi/10.3.1/thumb/v7e-m+fp/hard/crtn.o
                0x00000000080004d4                . = ALIGN (0x4)
                0x00000000080004d4                _etext = .

.vfp11_veneer   0x00000000080004d4        0x0
 .vfp11_veneer  0x00000000080004d4        0x0 linker stubs

.v4_bx          0x00000000080004d4        0x0
 .v4_bx         0x00000000080004d4        0x0 linker stubs

.iplt           0x00000000080004d4        0x0
 .iplt          0x00000000080004d4        0x0 d:/st/stm32cubeide_1.9.0/stm32cubeide/plugins/com.st.stm32cube.ide.mcu.externaltools.gnu-tools-for-stm32.10.3-2021.10.win32_1.0.0.202111181127/tools/bin/../lib/gcc/arm-none-eabi/10.3.1/thumb/v7e-m+fp/hard/crtbegin.o

.rodata         0x00000000080004d4       0x10
                0x00000000080004d4                . = ALIGN (0x4)
 *(.rodata)
 *(.rodata*)
 .rodata.AHBPrescTable
                0x00000000080004d4       0x10 ./Src/system_stm32f4xx.o
                0x00000000080004d4                AHBPrescTable
                0x00000000080004e4                . = ALIGN (0x4)

.rel.dyn        0x00000000080004e4        0x0
 .rel.iplt      0x00000000080004e4        0x0 d:/st/stm32cubeide_1.9.0/stm32cubeide/plugins/com.st.stm32cube.ide.mcu.externaltools.gnu-tools-for-stm32.10.3-2021.10.win32_1.0.0.202111181127/tools/bin/../lib/gcc/arm-none-eabi/10.3.1/thumb/v7e-m+fp/hard/crtbegin.o

.ARM.extab      0x00000000080004e4        0x0
                0x00000000080004e4                . = ALIGN (0x4)
 *(.ARM.extab* .gnu.linkonce.armextab.*)
                0x00000000080004e4                . = ALIGN (0x4)

.ARM            0x00000000080004e4        0x0
                0x00000000080004e4                . = ALIGN (0x4)
                0x00000000080004e4                __exidx_start = .
 *(.ARM.exidx*)
                0x00000000080004e4                __exidx_end = .
                0x00000000080004e4                . = ALIGN (0x4)

.preinit_array  0x00000000080004e4        0x0
                0x00000000080004e4                . = ALIGN (0x4)
                0x00000000080004e4                PROVIDE (__preinit_array_start = .)
 *(.preinit_array*)
                0x00000000080004e4                PROVIDE (__preinit_array_end = .)
                0x00000000080004e4                . = ALIGN (0x4)

.init_array     0x00000000080004e4        0x4
                0x00000000080004e4                . = ALIGN (0x4)
                0x00000000080004e4                PROVIDE (__init_array_start = .)
 *(SORT_BY_NAME(.init_array.*))
 *(.init_array*)
 .init_array    0x00000000080004e4        0x4 d:/st/stm32cubeide_1.9.0/stm32cubeide/plugins/com.st.stm32cube.ide.mcu.externaltools.gnu-tools-for-stm32.10.3-2021.10.win32_1.0.0.202111181127/tools/bin/../lib/gcc/arm-none-eabi/10.3.1/thumb/v7e-m+fp/hard/crtbegin.o
                0x00000000080004e8                PROVIDE (__init_array_end = .)
                0x00000000080004e8                . = ALIGN (0x4)

.fini_array     0x00000000080004e8        0x4
                0x00000000080004e8                . = ALIGN (0x4)
                [!provide]                        PROVIDE (__fini_array_start = .)
 *(SORT_BY_NAME(.fini_array.*))
 *(.fini_array*)
 .fini_array    0x00000000080004e8        0x4 d:/st/stm32cubeide_1.9.0/stm32cubeide/plugins/com.st.stm32cube.ide.mcu.externaltools.gnu-tools-for-stm32.10.3-2021.10.win32_1.0.0.202111181127/tools/bin/../lib/gcc/arm-none-eabi/10.3.1/thumb/v7e-m+fp/hard/crtbegin.o
                [!provide]                        PROVIDE (__fini_array_end = .)
                0x00000000080004ec                . = ALIGN (0x4)
                0x00000000080004ec                _sidata = LOADADDR (.data)

.data           0x0000000020000000        0x4 load address 0x00000000080004ec
                0x0000000020000000                . = ALIGN (0x4)
                0x0000000020000000                _sdata = .
 *(.data)
 *(.data*)
 .data.SystemCoreClock
                0x0000000020000000        0x4 ./Src/system_stm32f4xx.o
                0x0000000020000000                SystemCoreClock
 *(.RamFunc)
 *(.RamFunc*)
                0x0000000020000004                . = ALIGN (0x4)
                0x0000000020000004                _edata = .

.igot.plt       0x0000000020000004        0x0 load address 0x00000000080004f0
 .igot.plt      0x0000000020000004        0x0 d:/st/stm32cubeide_1.9.0/stm32cubeide/plugins/com.st.stm32cube.ide.mcu.externaltools.gnu-tools-for-stm32.10.3-2021.10.win32_1.0.0.202111181127/tools/bin/../lib/gcc/arm-none-eabi/10.3.1/thumb/v7e-m+fp/hard/crtbegin.o
                0x0000000020000004                . = ALIGN (0x4)

.bss            0x0000000020000004       0x1c load address 0x00000000080004f0
                0x0000000020000004                _sbss = .
                0x0000000020000004                __bss_start__ = _sbss
 *(.bss)
 .bss           0x0000000020000004       0x1c d:/st/stm32cubeide_1.9.0/stm32cubeide/plugins/com.st.stm32cube.ide.mcu.externaltools.gnu-tools-for-stm32.10.3-2021.10.win32_1.0.0.202111181127/tools/bin/../lib/gcc/arm-none-eabi/10.3.1/thumb/v7e-m+fp/hard/crtbegin.o
 *(.bss*)
 *(COMMON)
                0x0000000020000020                . = ALIGN (0x4)
                0x0000000020000020                _ebss = .
                0x0000000020000020                __bss_end__ = _ebss

._user_heap_stack
                0x0000000020000020      0x600 load address 0x00000000080004f0
                0x0000000020000020                . = ALIGN (0x8)
                [!provide]                        PROVIDE (end = .)
                0x0000000020000020                PROVIDE (_end = .)
                0x0000000020000220                . = (. + _Min_Heap_Size)
 *fill*         0x0000000020000020      0x200 
                0x0000000020000620                . = (. + _Min_Stack_Size)
 *fill*         0x0000000020000220      0x400 
                0x0000000020000620                . = ALIGN (0x8)

/DISCARD/
 libc.a(*)
 libm.a(*)
 libgcc.a(*)

.ARM.attributes
                0x0000000000000000       0x30
 *(.ARM.attributes)
 .ARM.attributes
                0x0000000000000000       0x1e d:/st/stm32cubeide_1.9.0/stm32cubeide/plugins/com.st.stm32cube.ide.mcu.externaltools.gnu-tools-for-stm32.10.3-2021.10.win32_1.0.0.202111181127/tools/bin/../lib/gcc/arm-none-eabi/10.3.1/thumb/v7e-m+fp/hard/crti.o
 .ARM.attributes
                0x000000000000001e       0x34 d:/st/stm32cubeide_1.9.0/stm32cubeide/plugins/com.st.stm32cube.ide.mcu.externaltools.gnu-tools-for-stm32.10.3-2021.10.win32_1.0.0.202111181127/tools/bin/../lib/gcc/arm-none-eabi/10.3.1/thumb/v7e-m+fp/hard/crtbegin.o
 .ARM.attributes
                0x0000000000000052       0x34 ./Src/main.o
 .ARM.attributes
                0x0000000000000086       0x34 ./Src/system_stm32f4xx.o
 .ARM.attributes
                0x00000000000000ba       0x21 ./Startup/startup_stm32f411ceux.o
 .ARM.attributes
                0x00000000000000db       0x34 d:/st/stm32cubeide_1.9.0/stm32cubeide/plugins/com.st.stm32cube.ide.mcu.externaltools.gnu-tools-for-stm32.10.3-2021.10.win32_1.0.0.202111181127/tools/bin/../lib/gcc/arm-none-eabi/10.3.1/../../../../arm-none-eabi/lib/thumb/v7e-m+fp/hard\libc_nano.a(lib_a-init.o)
 .ARM.attributes
                0x000000000000010f       0x1e d:/st/stm32cubeide_1.9.0/stm32cubeide/plugins/com.st.stm32cube.ide.mcu.externaltools.gnu-tools-for-stm32.10.3-2021.10.win32_1.0.0.202111181127/tools/bin/../lib/gcc/arm-none-eabi/10.3.1/thumb/v7e-m+fp/hard/crtn.o
OUTPUT(STM32F411_USB_Driver.elf elf32-littlearm)
LOAD linker stubs
LOAD d:/st/stm32cubeide_1.9.0/stm32cubeide/plugins/com.st.stm32cube.ide.mcu.externaltools.gnu-tools-for-stm32.10.3-2021.10.win32_1.0.0.202111181127/tools/bin/../lib/gcc/arm-none-eabi/10.3.1/../../../../arm-none-eabi/lib/thumb/v7e-m+fp/hard\libc.a
LOAD d:/st/stm32cubeide_1.9.0/stm32cubeide/plugins/com.st.stm32cube.ide.mcu.externaltools.gnu-tools-for-stm32.10.3-2021.10.win32_1.0.0.202111181127/tools/bin/../lib/gcc/arm-none-eabi/10.3.1/../../../../arm-none-eabi/lib/thumb/v7e-m+fp/hard\libm.a
LOAD d:/st/stm32cubeide_1.9.0/stm32cubeide/plugins/com.st.stm32cube.ide.mcu.externaltools.gnu-tools-for-stm32.10.3-2021.10.win32_1.0.0.202111181127/tools/bin/../lib/gcc/arm-none-eabi/10.3.1/thumb/v7e-m+fp/hard\libgcc.a

.debug_info     0x0000000000000000      0x94c
 .debug_info    0x0000000000000000      0x3d3 ./Src/main.o
 .debug_info    0x00000000000003d3      0x557 ./Src/system_stm32f4xx.o
 .debug_info    0x000000000000092a       0x22 ./Startup/startup_stm32f411ceux.o

.debug_abbrev   0x0000000000000000      0x246
 .debug_abbrev  0x0000000000000000      0x11e ./Src/main.o
 .debug_abbrev  0x000000000000011e      0x116 ./Src/system_stm32f4xx.o
 .debug_abbrev  0x0000000000000234       0x12 ./Startup/startup_stm32f411ceux.o

.debug_aranges  0x0000000000000000       0x78
 .debug_aranges
                0x0000000000000000       0x28 ./Src/main.o
 .debug_aranges
                0x0000000000000028       0x28 ./Src/system_stm32f4xx.o
 .debug_aranges
                0x0000000000000050       0x28 ./Startup/startup_stm32f411ceux.o

.debug_ranges   0x0000000000000000       0x50
 .debug_ranges  0x0000000000000000       0x18 ./Src/main.o
 .debug_ranges  0x0000000000000018       0x18 ./Src/system_stm32f4xx.o
 .debug_ranges  0x0000000000000030       0x20 ./Startup/startup_stm32f411ceux.o

.debug_macro    0x0000000000000000      0x72c
 .debug_macro   0x0000000000000000      0x2fa ./Src/main.o
 .debug_macro   0x00000000000002fa      0x302 ./Src/main.o
 .debug_macro   0x00000000000005fc       0x4c ./Src/main.o
 .debug_macro   0x0000000000000648       0xe4 ./Src/system_stm32f4xx.o

.debug_line     0x0000000000000000      0xe99
 .debug_line    0x0000000000000000      0x8af ./Src/main.o
 .debug_line    0x00000000000008af      0x566 ./Src/system_stm32f4xx.o
 .debug_line    0x0000000000000e15       0x84 ./Startup/startup_stm32f411ceux.o

.debug_str      0x0000000000000000    0x562e2
 .debug_str     0x0000000000000000    0x561a4 ./Src/main.o
                                      0x563e1 (size before relaxing)
 .debug_str     0x00000000000561a4      0x10d ./Src/system_stm32f4xx.o
                                      0x4fc13 (size before relaxing)
 .debug_str     0x00000000000562b1       0x31 ./Startup/startup_stm32f411ceux.o
                                         0x7c (size before relaxing)

.comment        0x0000000000000000       0x50
 .comment       0x0000000000000000       0x50 ./Src/main.o
                                         0x51 (size before relaxing)
 .comment       0x0000000000000050       0x51 ./Src/system_stm32f4xx.o

.debug_frame    0x0000000000000000       0xd4
 .debug_frame   0x0000000000000000       0x50 ./Src/main.o
 .debug_frame   0x0000000000000050       0x58 ./Src/system_stm32f4xx.o
 .debug_frame   0x00000000000000a8       0x2c d:/st/stm32cubeide_1.9.0/stm32cubeide/plugins/com.st.stm32cube.ide.mcu.externaltools.gnu-tools-for-stm32.10.3-2021.10.win32_1.0.0.202111181127/tools/bin/../lib/gcc/arm-none-eabi/10.3.1/../../../../arm-none-eabi/lib/thumb/v7e-m+fp/hard\libc_nano.a(lib_a-init.o)
